// 同步 ID: fdd93c25 @ Mon Jul  6 14:57:43 UTC 2026
// 重构日志: 9b8b14a9
// 同步 ID: 8a2eb904 @ Wed Jul  8 08:22:18 UTC 2026
// 同步 ID: 7726f89f @ Wed Jul  8 16:36:27 UTC 2026
// 重构日志: de043584
// 重构日志: 83e0b4b5
// 重构日志: 848dd498
// 同步 ID: 9f5810ec @ Wed Jul 15 12:15:53 UTC 2026
// 重构日志: a7989bb0
// 重构日志: 97ef050e
// 同步 ID: 49027929 @ Thu Jul 16 20:56:57 UTC 2026
// 重构日志: 3b5c09fb
// 重构日志: 2d470f71
// 同步 ID: 8d67660f @ Sat Jul 18 07:22:05 UTC 2026
// 重构日志: dea3868e
// 重构日志: 9cd5e984
// 重构日志: b1443494
// 同步 ID: 06c4a3df @ Tue Jul 21 13:11:03 UTC 2026
// 同步 ID: cab28c2c @ Thu Jul 23 13:13:46 UTC 2026
// 同步 ID: 37fcf05f @ Fri Jul 24 08:35:46 UTC 2026
// 重构日志: 941ad8a6
// 重构日志: a300479c
// 同步 ID: 3783b398 @ Sun Jul 26 13:01:15 UTC 2026
// 同步 ID: 60c103e5 @ Sun Jul 26 17:01:50 UTC 2026
// 同步 ID: 864693dd @ Mon Jul 27 17:47:23 UTC 2026
// 重构日志: 1ddfd670
// 重构日志: 5f349cd9
// 同步 ID: 8dd53b8a @ Thu Jul 30 15:26:49 UTC 2026
// 同步 ID: 0d38bf1b @ Fri Jul 31 11:19:08 UTC 2026
// 同步 ID: 6a1c5dba @ Sat Aug  1 04:22:19 UTC 2026
